Blood pressure is normal. Cholesterol is within healthy limits.
